// Vitest Snapshot v1, https://vitest.dev/guide/snapshot.html

exports[`golden: constants > every exported KnownValue constant, sorted by value 1`] = `
[
  "UNIT=0 "" 934312d66ab582b0",
  "IS_A=1 "isA" 2be2d79b306a21ff",
  "ID=2 "id" 1d7b7c684005e3a5",
  "SIGNED=3 "signed" d0e39e788c0d8f03",
  "NOTE=4 "note" 0fcd6a39d6ed37f2",
  "HAS_RECIPIENT=5 "hasRecipient" 943a35d1242a2192",
  "SSKR_SHARE=6 "sskrShare" 631923718d477711",
  "CONTROLLER=7 "controller" af10ee9208763de2",
  "KEY=8 "key" 62fdfed50946129d",
  "DEREFERENCE_VIA=9 "dereferenceVia" cdb6a696c20f6af1",
  "ENTITY=10 "entity" 714c11f161095f68",
  "NAME=11 "name" 14ff9eac7aedebb2",
  "LANGUAGE=12 "language" 60dfb7833cc55446",
  "ISSUER=13 "issuer" 6dd16ba3d66c878a",
  "HOLDER=14 "holder" 9a7ea0eb74acd5dc",
  "SALT=15 "salt" 618975ce341af61d",
  "DATE=16 "date" 2e40139b9b9fccdd",
  "UNKNOWN_VALUE=17 "Unknown" 91046cc2f5b758f3",
  "VERSION_VALUE=18 "version" 8e0d3733519844b9",
  "HAS_SECRET=19 "hasSecret" 10500c3d25a891f1",
  "DIFF_EDITS=20 "edits" c4d17c1612c6302a",
  "VALID_FROM=21 "validFrom" 9fa8dbd8d0bf25a9",
  "VALID_UNTIL=22 "validUntil" fc55adf21b3ff2de",
  "POSITION=23 "position" 9c0ff97134ed973a",
  "NICKNAME=24 "nickname" 06af251d04f55704",
  "VALUE=25 "value" 9d584667defa12dc",
  "ATTESTATION=26 "attestation" 156aa1f4f20c8e12",
  "VERIFIABLE_AT=27 "verifiableAt" cea87a0d9e8f7ac5",
  "ATTACHMENT=50 "attachment" 6d446f10f31bb014",
  "VENDOR=51 "vendor" 682461bf7f9048c9",
  "CONFORMS_TO=52 "conformsTo" f78a3754b914858b",
  "ALLOW=60 "allow" 4c3e4936430e044b",
  "DENY=61 "deny" 5444e0cd607c46bd",
  "ENDPOINT=62 "endpoint" 995b86d030bd7862",
  "DELEGATE=63 "delegate" 291fc8a7cce40cbc",
  "PROVENANCE=64 "provenance" c1736fc89d000a99",
  "PRIVATE_KEY=65 "privateKey" 0d81818d5edf3bd8",
  "SERVICE=66 "service" 60dbe94ef29aa124",
  "CAPABILITY=67 "capability" f9dbdce7af55fe63",
  "PROVENANCE_GENERATOR=68 "provenanceGenerator" 08398004f2fec2dc",
  "PRIVILEGE_ALL=70 "All" 088068f96d4d8b03",
  "PRIVILEGE_AUTH=71 "Authorize" a2e74cf402b7cb7b",
  "PRIVILEGE_SIGN=72 "Sign" 91ca412eb2577564",
  "PRIVILEGE_ENCRYPT=73 "Encrypt" 262ff4acb9e97ef1",
  "PRIVILEGE_ELIDE=74 "Elide" 907069c5114f72f0",
  "PRIVILEGE_ISSUE=75 "Issue" f278f3bca7ae741f",
  "PRIVILEGE_ACCESS=76 "Access" 136b1cc04a09bf0e",
  "PRIVILEGE_DELEGATE=80 "Delegate" d5b66e8a7abb8137",
  "PRIVILEGE_VERIFY=81 "Verify" aa65024f6fc1db28",
  "PRIVILEGE_UPDATE=82 "Update" c33e1429fc0ad4ed",
  "PRIVILEGE_TRANSFER=83 "Transfer" deb3c72adaf5982b",
  "PRIVILEGE_ELECT=84 "Elect" cb94691596d568b7",
  "PRIVILEGE_BURN=85 "Burn" 39ec85908ed6d2ed",
  "PRIVILEGE_REVOKE=86 "Revoke" d62384036e427494",
  "BODY=100 "body" 1dd8f298f06aba1b",
  "RESULT=101 "result" 68298468e2263dca",
  "ERROR=102 "error" 13d3bae401651cae",
  "OK_VALUE=103 "OK" c131ef5f0a4fa334",
  "PROCESSING_VALUE=104 "Processing" 77ecf489373c5d51",
  "SENDER=105 "sender" 342414b3c34579e5",
  "SENDER_CONTINUATION=106 "senderContinuation" 7c97c172c83fc841",
  "RECIPIENT_CONTINUATION=107 "recipientContinuation" bdbb6263d332f57d",
  "CONTENT=108 "content" 222ea5c4455e31f1",
  "SEED_TYPE=200 "Seed" 86ee2e661e087e8f",
  "PRIVATE_KEY_TYPE=201 "PrivateKey" 8da261816b216333",
  "PUBLIC_KEY_TYPE=202 "PublicKey" a2f7e1be4ef0e308",
  "MASTER_KEY_TYPE=203 "MasterKey" f31b9092f32cda85",
  "ASSET=300 "asset" 3d649353bf232b25",
  "BITCOIN_VALUE=301 "Bitcoin" 860f538afec8b271",
  "ETHEREUM_VALUE=302 "Ethereum" 52a716a223bafdd4",
  "TEZOS_VALUE=303 "Tezos" 21b264b336a44cb1",
  "NETWORK=400 "network" 1729fba5a2e0d057",
  "MAIN_NET_VALUE=401 "MainNet" ff38ca38b7298b2a",
  "TEST_NET_VALUE=402 "TestNet" 235e73ae53f58ee4",
  "BIP32_KEY_TYPE=500 "BIP32Key" cb344ff3e8936c53",
  "CHAIN_CODE=501 "chainCode" 78696e9b1013ee3a",
  "DERIVATION_PATH_TYPE=502 "DerivationPath" bfe92584fac05e55",
  "PARENT_PATH=503 "parentPath" 34612d9720a4de68",
  "CHILDREN_PATH=504 "childrenPath" 91c8bf619649c063",
  "PARENT_FINGERPRINT=505 "parentFingerprint" 68ac8dcacfc3d3fb",
  "PSBT_TYPE=506 "PSBT" c38a972b2d17126c",
  "OUTPUT_DESCRIPTOR_TYPE=507 "OutputDescriptor" ce972fb77afbf501",
  "OUTPUT_DESCRIPTOR=508 "outputDescriptor" 50e4498cafc4bd72",
  "GRAPH=600 "Graph" f1fcb8f6d0a10ca3",
  "SOURCE_TARGET_GRAPH=601 "SourceTargetGraph" b7f2215ea4165b4d",
  "PARENT_CHILD_GRAPH=602 "ParentChildGraph" 10cd762e698a1ceb",
  "DIGRAPH=603 "Digraph" 3c3aa531e760553e",
  "ACYCLIC_GRAPH=604 "AcyclicGraph" ae2e79a820844671",
  "MULTIGRAPH=605 "Multigraph" 420b2a961143002c",
  "PSEUDOGRAPH=606 "Pseudograph" a81c622434dde358",
  "GRAPH_FRAGMENT=607 "GraphFragment" 58376136ab5a1bd6",
  "DAG=608 "DAG" 639c4c38f5341a96",
  "TREE=609 "Tree" a67264a58c6765c3",
  "FOREST=610 "Forest" 3913a4d1ebcf7c53",
  "COMPOUND_GRAPH=611 "CompoundGraph" c4829649ce2944e7",
  "HYPERGRAPH=612 "Hypergraph" 9e16b2eb14ac5500",
  "DIHYPERGRAPH=613 "Dihypergraph" a79d474a7816a1b2",
  "NODE=700 "node" bbc31c5b7e0a447f",
  "EDGE=701 "edge" 9e38c5b5d84639a7",
  "SOURCE=702 "source" cc74ab6b807ce087",
  "TARGET=703 "target" cc3bc65f0fb35dbb",
  "PARENT=704 "parent" a3fc721b7bcdc700",
  "CHILD=705 "child" 25295d07bf394a17",
  "SELF=706 "Self" 028254e4d1597bfe",
]
`;

exports[`golden: constants every exported KnownValue constant, sorted by value 1`] = `
[
  "UNIT=0 "" 934312d66ab582b0",
  "IS_A=1 "isA" 2be2d79b306a21ff",
  "ID=2 "id" 1d7b7c684005e3a5",
  "SIGNED=3 "signed" d0e39e788c0d8f03",
  "NOTE=4 "note" 0fcd6a39d6ed37f2",
  "HAS_RECIPIENT=5 "hasRecipient" 943a35d1242a2192",
  "SSKR_SHARE=6 "sskrShare" 631923718d477711",
  "CONTROLLER=7 "controller" af10ee9208763de2",
  "KEY=8 "key" 62fdfed50946129d",
  "DEREFERENCE_VIA=9 "dereferenceVia" cdb6a696c20f6af1",
  "ENTITY=10 "entity" 714c11f161095f68",
  "NAME=11 "name" 14ff9eac7aedebb2",
  "LANGUAGE=12 "language" 60dfb7833cc55446",
  "ISSUER=13 "issuer" 6dd16ba3d66c878a",
  "HOLDER=14 "holder" 9a7ea0eb74acd5dc",
  "SALT=15 "salt" 618975ce341af61d",
  "DATE=16 "date" 2e40139b9b9fccdd",
  "UNKNOWN_VALUE=17 "Unknown" 91046cc2f5b758f3",
  "VERSION_VALUE=18 "version" 8e0d3733519844b9",
  "HAS_SECRET=19 "hasSecret" 10500c3d25a891f1",
  "DIFF_EDITS=20 "edits" c4d17c1612c6302a",
  "VALID_FROM=21 "validFrom" 9fa8dbd8d0bf25a9",
  "VALID_UNTIL=22 "validUntil" fc55adf21b3ff2de",
  "POSITION=23 "position" 9c0ff97134ed973a",
  "NICKNAME=24 "nickname" 06af251d04f55704",
  "VALUE=25 "value" 9d584667defa12dc",
  "ATTESTATION=26 "attestation" 156aa1f4f20c8e12",
  "VERIFIABLE_AT=27 "verifiableAt" cea87a0d9e8f7ac5",
  "ATTACHMENT=50 "attachment" 6d446f10f31bb014",
  "VENDOR=51 "vendor" 682461bf7f9048c9",
  "CONFORMS_TO=52 "conformsTo" f78a3754b914858b",
  "ALLOW=60 "allow" 4c3e4936430e044b",
  "DENY=61 "deny" 5444e0cd607c46bd",
  "ENDPOINT=62 "endpoint" 995b86d030bd7862",
  "DELEGATE=63 "delegate" 291fc8a7cce40cbc",
  "PROVENANCE=64 "provenance" c1736fc89d000a99",
  "PRIVATE_KEY=65 "privateKey" 0d81818d5edf3bd8",
  "SERVICE=66 "service" 60dbe94ef29aa124",
  "CAPABILITY=67 "capability" f9dbdce7af55fe63",
  "PROVENANCE_GENERATOR=68 "provenanceGenerator" 08398004f2fec2dc",
  "PRIVILEGE_ALL=70 "All" 088068f96d4d8b03",
  "PRIVILEGE_AUTH=71 "Authorize" a2e74cf402b7cb7b",
  "PRIVILEGE_SIGN=72 "Sign" 91ca412eb2577564",
  "PRIVILEGE_ENCRYPT=73 "Encrypt" 262ff4acb9e97ef1",
  "PRIVILEGE_ELIDE=74 "Elide" 907069c5114f72f0",
  "PRIVILEGE_ISSUE=75 "Issue" f278f3bca7ae741f",
  "PRIVILEGE_ACCESS=76 "Access" 136b1cc04a09bf0e",
  "PRIVILEGE_DELEGATE=80 "Delegate" d5b66e8a7abb8137",
  "PRIVILEGE_VERIFY=81 "Verify" aa65024f6fc1db28",
  "PRIVILEGE_UPDATE=82 "Update" c33e1429fc0ad4ed",
  "PRIVILEGE_TRANSFER=83 "Transfer" deb3c72adaf5982b",
  "PRIVILEGE_ELECT=84 "Elect" cb94691596d568b7",
  "PRIVILEGE_BURN=85 "Burn" 39ec85908ed6d2ed",
  "PRIVILEGE_REVOKE=86 "Revoke" d62384036e427494",
  "BODY=100 "body" 1dd8f298f06aba1b",
  "RESULT=101 "result" 68298468e2263dca",
  "ERROR=102 "error" 13d3bae401651cae",
  "OK_VALUE=103 "OK" c131ef5f0a4fa334",
  "PROCESSING_VALUE=104 "Processing" 77ecf489373c5d51",
  "SENDER=105 "sender" 342414b3c34579e5",
  "SENDER_CONTINUATION=106 "senderContinuation" 7c97c172c83fc841",
  "RECIPIENT_CONTINUATION=107 "recipientContinuation" bdbb6263d332f57d",
  "CONTENT=108 "content" 222ea5c4455e31f1",
  "SEED_TYPE=200 "Seed" 86ee2e661e087e8f",
  "PRIVATE_KEY_TYPE=201 "PrivateKey" 8da261816b216333",
  "PUBLIC_KEY_TYPE=202 "PublicKey" a2f7e1be4ef0e308",
  "MASTER_KEY_TYPE=203 "MasterKey" f31b9092f32cda85",
  "ASSET=300 "asset" 3d649353bf232b25",
  "BITCOIN_VALUE=301 "Bitcoin" 860f538afec8b271",
  "ETHEREUM_VALUE=302 "Ethereum" 52a716a223bafdd4",
  "TEZOS_VALUE=303 "Tezos" 21b264b336a44cb1",
  "NETWORK=400 "network" 1729fba5a2e0d057",
  "MAIN_NET_VALUE=401 "MainNet" ff38ca38b7298b2a",
  "TEST_NET_VALUE=402 "TestNet" 235e73ae53f58ee4",
  "BIP32_KEY_TYPE=500 "BIP32Key" cb344ff3e8936c53",
  "CHAIN_CODE=501 "chainCode" 78696e9b1013ee3a",
  "DERIVATION_PATH_TYPE=502 "DerivationPath" bfe92584fac05e55",
  "PARENT_PATH=503 "parentPath" 34612d9720a4de68",
  "CHILDREN_PATH=504 "childrenPath" 91c8bf619649c063",
  "PARENT_FINGERPRINT=505 "parentFingerprint" 68ac8dcacfc3d3fb",
  "PSBT_TYPE=506 "PSBT" c38a972b2d17126c",
  "OUTPUT_DESCRIPTOR_TYPE=507 "OutputDescriptor" ce972fb77afbf501",
  "OUTPUT_DESCRIPTOR=508 "outputDescriptor" 50e4498cafc4bd72",
  "GRAPH=600 "Graph" f1fcb8f6d0a10ca3",
  "SOURCE_TARGET_GRAPH=601 "SourceTargetGraph" b7f2215ea4165b4d",
  "PARENT_CHILD_GRAPH=602 "ParentChildGraph" 10cd762e698a1ceb",
  "DIGRAPH=603 "Digraph" 3c3aa531e760553e",
  "ACYCLIC_GRAPH=604 "AcyclicGraph" ae2e79a820844671",
  "MULTIGRAPH=605 "Multigraph" 420b2a961143002c",
  "PSEUDOGRAPH=606 "Pseudograph" a81c622434dde358",
  "GRAPH_FRAGMENT=607 "GraphFragment" 58376136ab5a1bd6",
  "DAG=608 "DAG" 639c4c38f5341a96",
  "TREE=609 "Tree" a67264a58c6765c3",
  "FOREST=610 "Forest" 3913a4d1ebcf7c53",
  "COMPOUND_GRAPH=611 "CompoundGraph" c4829649ce2944e7",
  "HYPERGRAPH=612 "Hypergraph" 9e16b2eb14ac5500",
  "DIHYPERGRAPH=613 "Dihypergraph" a79d474a7816a1b2",
  "NODE=700 "node" bbc31c5b7e0a447f",
  "EDGE=701 "edge" 9e38c5b5d84639a7",
  "SOURCE=702 "source" cc74ab6b807ce087",
  "TARGET=703 "target" cc3bc65f0fb35dbb",
  "PARENT=704 "parent" a3fc721b7bcdc700",
  "CHILD=705 "child" 25295d07bf394a17",
  "SELF=706 "Self" 028254e4d1597bfe",
]
`;

exports[`golden: registry > names for 0..120 1`] = `
[
  "0: ",
  "1: isA",
  "2: id",
  "3: signed",
  "4: note",
  "5: hasRecipient",
  "6: sskrShare",
  "7: controller",
  "8: key",
  "9: dereferenceVia",
  "10: entity",
  "11: name",
  "12: language",
  "13: issuer",
  "14: holder",
  "15: salt",
  "16: date",
  "17: Unknown",
  "18: version",
  "19: hasSecret",
  "20: edits",
  "21: validFrom",
  "22: validUntil",
  "23: position",
  "24: nickname",
  "25: value",
  "26: attestation",
  "27: verifiableAt",
  "28: -",
  "29: -",
  "30: -",
  "31: -",
  "32: -",
  "33: -",
  "34: -",
  "35: -",
  "36: -",
  "37: -",
  "38: -",
  "39: -",
  "40: -",
  "41: -",
  "42: -",
  "43: -",
  "44: -",
  "45: -",
  "46: -",
  "47: -",
  "48: -",
  "49: -",
  "50: attachment",
  "51: vendor",
  "52: conformsTo",
  "53: -",
  "54: -",
  "55: -",
  "56: -",
  "57: -",
  "58: -",
  "59: -",
  "60: allow",
  "61: deny",
  "62: endpoint",
  "63: delegate",
  "64: provenance",
  "65: privateKey",
  "66: service",
  "67: capability",
  "68: provenanceGenerator",
  "69: -",
  "70: All",
  "71: Authorize",
  "72: Sign",
  "73: Encrypt",
  "74: Elide",
  "75: Issue",
  "76: Access",
  "77: -",
  "78: -",
  "79: -",
  "80: Delegate",
  "81: Verify",
  "82: Update",
  "83: Transfer",
  "84: Elect",
  "85: Burn",
  "86: Revoke",
  "87: -",
  "88: -",
  "89: -",
  "90: -",
  "91: -",
  "92: -",
  "93: -",
  "94: -",
  "95: -",
  "96: -",
  "97: -",
  "98: -",
  "99: -",
  "100: body",
  "101: result",
  "102: error",
  "103: OK",
  "104: Processing",
  "105: sender",
  "106: senderContinuation",
  "107: recipientContinuation",
  "108: content",
  "109: -",
  "110: -",
  "111: -",
  "112: -",
  "113: -",
  "114: -",
  "115: -",
  "116: -",
  "117: -",
  "118: -",
  "119: -",
  "120: -",
]
`;

exports[`golden: registry names for 0..120 1`] = `
[
  "0: ",
  "1: isA",
  "2: id",
  "3: signed",
  "4: note",
  "5: hasRecipient",
  "6: sskrShare",
  "7: controller",
  "8: key",
  "9: dereferenceVia",
  "10: entity",
  "11: name",
  "12: language",
  "13: issuer",
  "14: holder",
  "15: salt",
  "16: date",
  "17: Unknown",
  "18: version",
  "19: hasSecret",
  "20: edits",
  "21: validFrom",
  "22: validUntil",
  "23: position",
  "24: nickname",
  "25: value",
  "26: attestation",
  "27: verifiableAt",
  "28: -",
  "29: -",
  "30: -",
  "31: -",
  "32: -",
  "33: -",
  "34: -",
  "35: -",
  "36: -",
  "37: -",
  "38: -",
  "39: -",
  "40: -",
  "41: -",
  "42: -",
  "43: -",
  "44: -",
  "45: -",
  "46: -",
  "47: -",
  "48: -",
  "49: -",
  "50: attachment",
  "51: vendor",
  "52: conformsTo",
  "53: -",
  "54: -",
  "55: -",
  "56: -",
  "57: -",
  "58: -",
  "59: -",
  "60: allow",
  "61: deny",
  "62: endpoint",
  "63: delegate",
  "64: provenance",
  "65: privateKey",
  "66: service",
  "67: capability",
  "68: provenanceGenerator",
  "69: -",
  "70: All",
  "71: Authorize",
  "72: Sign",
  "73: Encrypt",
  "74: Elide",
  "75: Issue",
  "76: Access",
  "77: -",
  "78: -",
  "79: -",
  "80: Delegate",
  "81: Verify",
  "82: Update",
  "83: Transfer",
  "84: Elect",
  "85: Burn",
  "86: Revoke",
  "87: -",
  "88: -",
  "89: -",
  "90: -",
  "91: -",
  "92: -",
  "93: -",
  "94: -",
  "95: -",
  "96: -",
  "97: -",
  "98: -",
  "99: -",
  "100: body",
  "101: result",
  "102: error",
  "103: OK",
  "104: Processing",
  "105: sender",
  "106: senderContinuation",
  "107: recipientContinuation",
  "108: content",
  "109: -",
  "110: -",
  "111: -",
  "112: -",
  "113: -",
  "114: -",
  "115: -",
  "116: -",
  "117: -",
  "118: -",
  "119: -",
  "120: -",
]
`;

exports[`golden: rejections > decode table 1`] = `
[
  "01: throw Error: Expected tagged CBOR for KnownValue, got major type 0",
  "d99c4020: throw Error: Expected unsigned integer for KnownValue, got major type 1",
  "d99c4161: throw CborError: early end of CBOR data",
  "d8640c: throw Error: Expected tag 40000 for KnownValue, got 100",
  "d99c41: throw CborError: early end of CBOR data",
  "d99c4001ff: throw CborError: the decoded CBOR had 1 extra bytes at the end",
  "d99c40c24100: throw Error: Expected unsigned integer for KnownValue, got major type 6",
]
`;

exports[`golden: rejections decode table 1`] = `
[
  "01: throw Error: Expected tagged CBOR for KnownValue, got major type 0",
  "d99c4020: throw Error: Expected unsigned integer for KnownValue, got major type 1",
  "d99c4161: throw CborError: early end of CBOR data",
  "d8640c: throw Error: Expected tag 40000 for KnownValue, got 100",
  "d99c41: throw CborError: early end of CBOR data",
  "d99c4001ff: throw CborError: the decoded CBOR had 1 extra bytes at the end",
  "d99c40c24100: throw Error: Expected unsigned integer for KnownValue, got major type 6",
]
`;
